// Jest Snapshot v1, https://goo.gl/fbAQLP

exports[`renders correctly 1`] = `
<section
  className="row"
>
  <h2
    className="time-entry__title"
  >
    New Time Entry
  </h2>
  <button
    className="btn time-entry__button-new--visible"
    onClick={[Function]}
    type="button"
  >
    <svg
      className="time-entry__icon--open"
    />
    New time entry
  </button>
  <form
    className="time-entry time-entry--hidden"
    onSubmit={[Function]}
  >
    <div
      className="time-entry-wrapper"
    >
      <button
        className="time-entry__button-close"
        onClick={[Function]}
        type="button"
      >
        <svg
          className="time-entry__icon--close"
        />
      </button>
      <div
        className="time-entry-client"
      >
        <label
          className="time-entry__label"
          htmlFor="client"
        >
          Client
          <select
            className="time-entry__input"
            id="client"
            name="client"
            onChange={[Function]}
            value="Port of Rotterdam"
          >
            <option
              value="Port of Rotterdam"
            >
              Port of Rotterdam
            </option>
            <option
              value="Saab"
            >
              Saab
            </option>
            <option
              value="Mercedes"
            >
              Mercedes
            </option>
            <option
              value="Audi"
            >
              Audi
            </option>
          </select>
        </label>
      </div>
      <div
        className="time-entry-activity"
      >
        <label
          className="time-entry__label"
          htmlFor="activity"
        >
          Activity
          <select
            className="time-entry__input"
            id="activity"
            name="activity"
            onChange={[Function]}
            value="Design"
          >
            <option
              value="Design"
            >
              Design
            </option>
            <option
              value="Saab"
            >
              Saab
            </option>
            <option
              value="Mercedes"
            >
              Mercedes
            </option>
            <option
              value="Audi"
            >
              Audi
            </option>
          </select>
        </label>
      </div>
      <div
        className="time-entry-date"
      >
        <label
          className="time-entry__label"
          htmlFor="date"
        >
          Date
          <input
            className="
                    time-entry__input
                    time-entry__input--valid
                  "
            id="date"
            name="date"
            onBlur={[Function]}
            onChange={[Function]}
            pattern="(0[1-9]|[1-2][0-9]|3[0-1])[-](0[1-9]|1[0-2])[-]20[0-1][0-9]"
            placeholder="DD-MM-YYYY"
            required={true}
            type="text"
            value=""
          />
        </label>
      </div>
      <div
        className="time-entry-time"
      >
        <div
          className="time-entry-time__from"
        >
          <label
            className="time-entry__label"
            htmlFor="time-from"
          >
            From
            <input
              className="
                      time-entry__input
                      time-entry__input--valid
                    "
              id="time-from"
              name="timeFrom"
              onBlur={[Function]}
              onChange={[Function]}
              pattern="(0[0-9]|1[0-9]|2[0-3])[.](0[0-9]|[1-5][0-9])"
              placeholder="HH.MM"
              required={true}
              type="text"
              value=""
            />
          </label>
        </div>
        <div
          className="time-entry-time__to"
        >
          <label
            className="time-entry__label"
            htmlFor="time-to"
          >
            To
            <input
              className="
                      time-entry__input
                      time-entry__input--valid
                    "
              id="time-to"
              name="timeTo"
              onBlur={[Function]}
              onChange={[Function]}
              pattern="(0[0-9]|1[0-9]|2[0-3])[.](0[0-9]|[1-5][0-9])"
              placeholder="HH.MM"
              required={true}
              type="text"
              value=""
            />
          </label>
        </div>
      </div>
    </div>
    <button
      className="btn time-entry__button-add"
      disabled={true}
      name="button"
      type="submit"
      value="Add"
    >
      Add
    </button>
  </form>
</section>
`;
